U-Boot SPL 2018.11-2 (Nov 20 2018 - 11:08:10 +0000)
DRAM: 512 MiB
Trying to boot from MMC1

U-Boot 2018.11-2 (Nov 20 2018 - 11:08:10 +0000) Arch Linux ARM

CPU:   Allwinner H3 (SUN8I 1680)
Model: Banana Pi BPI-P2-Zero
DRAM:  512 MiB
MMC:   SUNXI SD/MMC: 0, SUNXI SD/MMC: 1
In:    serial
Out:   serial
Err:   serial
Net:   phy interface0
eth0: ethernet@1c30000
starting USB...
USB0:   USB EHCI 1.00
USB1:   USB OHCI 1.0
scanning bus 0 for devices... 1 USB Device(s) found
       scanning usb for storage devices... 0 Storage Device(s) found
Hit any key to stop autoboot:  2  1  0 
switch to partitions #0, OK
mmc0 is current device
Scanning mmc 0:1...
Found U-Boot script /boot.scr
2473 bytes read in 3 ms (804.7 KiB/s)
## Executing script at 43100000
6362064 bytes read in 299 ms (20.3 MiB/s)
25056 bytes read in 8 ms (3 MiB/s)
4902542 bytes read in 231 ms (20.2 MiB/s)
## Flattened Device Tree blob at 43000000
   Booting using the fdt blob at 0x43000000
EHCI failed to shut down host controller.
   Loading Ramdisk to 49b53000, end 49fffe8e ... OK
   Loading Device Tree to 49b49000, end 49b521df ... OK

Starting kernel ...

[    0.000000] Booting Linux on physical CPU 0x0
[    0.000000] Linux version 4.19.5-1-ARCH (builduser@leming) (gcc version 8.2.0 (GCC)) #1 SMP PREEMPT Thu Nov 29 01:34:39 UTC 2018
[    0.000000] CPU: ARMv7 Processor [410fc075] revision 5 (ARMv7), cr=10c5387d
[    0.000000] CPU: div instructions available: patching division code
[    0.000000] CPU: PIPT / VIPT nonaliasing data cache, VIPT aliasing instruction cache
[    0.000000] OF: fdt: Machine model: Banana Pi BPI-P2-Zero
[    0.000000] Memory policy: Data cache writealloc
[    0.000000] cma: Reserved 48 MiB at 0x5a800000
[    0.000000] psci: probing for conduit method from DT.
[    0.000000] psci: Using PSCI v0.1 Function IDs from DT
[    0.000000] random: get_random_bytes called from start_kernel+0x8c/0x480 with crng_init=0
[    0.000000] percpu: Embedded 17 pages/cpu @(ptrval) s38476 r8192 d22964 u69632
[    0.000000] Built 1 zonelists, mobility grouping on.  Total pages: 129920
[    0.000000] Kernel command line: console=ttyS0,115200 root=PARTUUID=cee5ae8c-02 rw rootwait elevator=noop audit=0
[    0.000000] audit: disabled (until reboot)
[    0.000000] Dentry cache hash table entries: 65536 (order: 6, 262144 bytes)
[    0.000000] Inode-cache hash table entries: 32768 (order: 5, 131072 bytes)
[    0.000000] Memory: 443452K/524288K available (12288K kernel code, 1048K rwdata, 4952K rodata, 1024K init, 879K bss, 31684K reserved, 49152K cma-reserved, 0K highmem)
[    0.000000] Virtual kernel memory layout:
[    0.000000]     vector  : 0xffff0000 - 0xffff1000   (   4 kB)
[    0.000000]     fixmap  : 0xffc00000 - 0xfff00000   (3072 kB)
[    0.000000]     vmalloc : 0xe0800000 - 0xff800000   ( 496 MB)
[    0.000000]     lowmem  : 0xc0000000 - 0xe0000000   ( 512 MB)
[    0.000000]     pkmap   : 0xbfe00000 - 0xc0000000   (   2 MB)
[    0.000000]     modules : 0xbf000000 - 0xbfe00000   (  14 MB)
[    0.000000]       .text : 0x(ptrval) - 0x(ptrval)   (13280 kB)
[    0.000000]       .init : 0x(ptrval) - 0x(ptrval)   (1024 kB)
[    0.000000]       .data : 0x(ptrval) - 0x(ptrval)   (1049 kB)
[    0.000000]        .bss : 0x(ptrval) - 0x(ptrval)   ( 880 kB)
[    0.000000] SLUB: HWalign=64, Order=0-3, MinObjects=0, CPUs=4, Nodes=1
[    0.000000] rcu: Preemptible hierarchical RCU implementation.
[    0.000000] rcu: 	RCU restricting CPUs from NR_CPUS=8 to nr_cpu_ids=4.
[    0.000000] 	Tasks RCU enabled.
[    0.000000] rcu: Adjusting geometry for rcu_fanout_leaf=16, nr_cpu_ids=4
[    0.000000] NR_IRQS: 16, nr_irqs: 16, preallocated irqs: 16
[    0.000000] GIC: Using split EOI/Deactivate mode
[    0.000000] clocksource: timer: mask: 0xffffffff max_cycles: 0xffffffff, max_idle_ns: 79635851949 ns
[    0.000000] arch_timer: cp15 timer(s) running at 24.00MHz (phys).
[    0.000000] clocksource: arch_sys_counter: mask: 0xffffffffffffff max_cycles: 0x588fe9dc0, max_idle_ns: 440795202592 ns
[    0.000007] sched_clock: 56 bits at 24MHz, resolution 41ns, wraps every 4398046511097ns
[    0.000020] Switching to timer-based delay loop, resolution 41ns
[    0.000451] Console: colour dummy device 80x30
[    0.000520] Calibrating delay loop (skipped), value calculated using timer frequency.. 48.00 BogoMIPS (lpj=96000)
[    0.000536] pid_max: default: 32768 minimum: 301
[    0.000751] Security Framework initialized
[    0.000944] Mount-cache hash table entries: 1024 (order: 0, 4096 bytes)
[    0.000958] Mountpoint-cache hash table entries: 1024 (order: 0, 4096 bytes)
[    0.001975] CPU: Testing write buffer coherency: ok
[    0.002482] /cpus/cpu@0 missing clock-frequency property
[    0.002508] /cpus/cpu@1 missing clock-frequency property
[    0.002531] /cpus/cpu@2 missing clock-frequency property
[    0.002555] /cpus/cpu@3 missing clock-frequency property
[    0.002569] CPU0: thread -1, cpu 0, socket 0, mpidr 80000000
[    0.024130] Setting up static identity map for 0x40300000 - 0x403000a0
[    0.032120] rcu: Hierarchical SRCU implementation.
[    0.052211] smp: Bringing up secondary CPUs ...
[    0.094723] CPU1: thread -1, cpu 1, socket 0, mpidr 80000001
[    0.136896] CPU2: thread -1, cpu 2, socket 0, mpidr 80000002
[    0.179077] CPU3: thread -1, cpu 3, socket 0, mpidr 80000003
[    0.179193] smp: Brought up 1 node, 4 CPUs
[    0.179217] SMP: Total of 4 processors activated (192.00 BogoMIPS).
[    0.179224] CPU: All CPU(s) started in HYP mode.
[    0.179230] CPU: Virtualization extensions available.
[    0.180394] devtmpfs: initialized
[    0.186175] VFP support v0.3: implementor 41 architecture 2 part 30 variant 7 rev 5
[    0.186663] clocksource: jiffies: mask: 0xffffffff max_cycles: 0xffffffff, max_idle_ns: 7645041785100000 ns
[    0.186688] futex hash table entries: 1024 (order: 4, 65536 bytes)
[    0.188907] xor: measuring software checksum speed
[    0.227032]    arm4regs  :  1264.000 MB/sec
[    0.267057]    8regs     :   877.000 MB/sec
[    0.307130]    32regs    :   809.000 MB/sec
[    0.347200]    neon      :  1256.000 MB/sec
[    0.347209] xor: using function: arm4regs (1264.000 MB/sec)
[    0.347293] pinctrl core: initialized pinctrl subsystem
[    0.348975] NET: Registered protocol family 16
[    0.351516] DMA: preallocated 256 KiB pool for atomic coherent allocations
[    0.353499] cpuidle: using governor menu
[    0.353821] No ATAGs?
[    0.353977] hw-breakpoint: found 5 (+1 reserved) breakpoint and 4 watchpoint registers.
[    0.353990] hw-breakpoint: maximum watchpoint size is 8 bytes.
[    0.354922] Serial: AMBA PL011 UART driver
[    0.443597] raid6: int32x1  gen()   178 MB/s
[    0.511850] raid6: int32x1  xor()   165 MB/s
[    0.580095] raid6: int32x2  gen()   233 MB/s
[    0.648106] raid6: int32x2  xor()   173 MB/s
[    0.716216] raid6: int32x4  gen()   232 MB/s
[    0.784344] raid6: int32x4  xor()   163 MB/s
[    0.852754] raid6: int32x8  gen()   215 MB/s
[    0.920689] raid6: int32x8  xor()   152 MB/s
[    0.988755] raid6: neonx1   gen()   494 MB/s
[    1.056917] raid6: neonx1   xor()   484 MB/s
[    1.125096] raid6: neonx2   gen()   663 MB/s
[    1.193194] raid6: neonx2   xor()   584 MB/s
[    1.261329] raid6: neonx4   gen()   727 MB/s
[    1.329506] raid6: neonx4   xor()   619 MB/s
[    1.397654] raid6: neonx8   gen()   706 MB/s
[    1.465811] raid6: neonx8   xor()   604 MB/s
[    1.465820] raid6: using algorithm neonx4 gen() 727 MB/s
[    1.465826] raid6: .... xor() 619 MB/s, rmw enabled
[    1.465834] raid6: using neon recovery algorithm
[    1.471260] vgaarb: loaded
[    1.472031] SCSI subsystem initialized
[    1.472607] usbcore: registered new interface driver usbfs
[    1.472660] usbcore: registered new interface driver hub
[    1.472757] usbcore: registered new device driver usb
[    1.473797] media: Linux media interface: v0.10
[    1.473887] videodev: Linux video capture interface: v2.00
[    1.473940] pps_core: LinuxPPS API ver. 1 registered
[    1.473949] pps_core: Software ver. 5.3.6 - Copyright 2005-2007 Rodolfo Giometti <giometti@linux.it>
[    1.473971] PTP clock support registered
[    1.474006] EDAC MC: Ver: 3.0.0
[    1.474956] Advanced Linux Sound Architecture Driver Initialized.
[    1.475545] NetLabel: Initializing
[    1.475557] NetLabel:  domain hash size = 128
[    1.475564] NetLabel:  protocols = UNLABELED CIPSOv4 CALIPSO
[    1.475655] NetLabel:  unlabeled traffic allowed by default
[    1.476160] clocksource: Switched to clocksource arch_sys_counter
[    1.476430] VFS: Disk quotas dquot_6.6.0
[    1.476516] VFS: Dquot-cache hash table entries: 1024 (order 0, 4096 bytes)
[    1.486401] NET: Registered protocol family 2
[    1.487196] tcp_listen_portaddr_hash hash table entries: 512 (order: 0, 6144 bytes)
[    1.487231] TCP established hash table entries: 4096 (order: 2, 16384 bytes)
[    1.487275] TCP bind hash table entries: 4096 (order: 3, 32768 bytes)
[    1.487339] TCP: Hash tables configured (established 4096 bind 4096)
[    1.487471] UDP hash table entries: 256 (order: 1, 8192 bytes)
[    1.487516] UDP-Lite hash table entries: 256 (order: 1, 8192 bytes)
[    1.487751] NET: Registered protocol family 1
[    1.492491] RPC: Registered named UNIX socket transport module.
[    1.492504] RPC: Registered udp transport module.
[    1.492511] RPC: Registered tcp transport module.
[    1.492517] RPC: Registered tcp NFSv4.1 backchannel transport module.
[    1.493045] Unpacking initramfs...
[    1.788062] Freeing initrd memory: 4788K
[    1.801162] Initialise system trusted keyrings
[    1.801413] workingset: timestamp_bits=14 max_order=17 bucket_order=3
[    1.805970] zbud: loaded
[    1.808312] NFS: Registering the id_resolver key type
[    1.808350] Key type id_resolver registered
[    1.808358] Key type id_legacy registered
[    1.808376] nfs4filelayout_init: NFSv4 File Layout Driver Registering...
[    1.815929] Key type asymmetric registered
[    1.815952] Asymmetric key parser 'x509' registered
[    1.816042] Block layer SCSI generic (bsg) driver version 0.4 loaded (major 246)
[    1.816316] io scheduler noop registered (default)
[    1.816328] io scheduler deadline registered
[    1.816572] io scheduler cfq registered
[    1.816583] io scheduler mq-deadline registered
[    1.816591] io scheduler kyber registered
[    1.816783] io scheduler bfq registered
[    1.818607] sun4i-usb-phy 1c19400.phy: Couldn't request ID GPIO
[    1.825915] sun8i-h3-pinctrl 1c20800.pinctrl: initialized sunXi PIO driver
[    1.827726] sun8i-h3-r-pinctrl 1f02c00.pinctrl: initialized sunXi PIO driver
[    1.841365] Serial: 8250/16550 driver, 6 ports, IRQ sharing enabled
[    1.844546] console [ttyS0] disabled
[    1.864727] 1c28000.serial: ttyS0 at MMIO 0x1c28000 (irq = 35, base_baud = 1500000) is a U6_16550A
[    2.718072] console [ttyS0] enabled
[    2.742626] 1c28400.serial: ttyS1 at MMIO 0x1c28400 (irq = 36, base_baud = 1500000) is a U6_16550A
[    2.752613] Serial: AMBA driver
[    2.769001] loop: module loaded
[    2.773270] Loading iSCSI transport class v2.0-870.
[    2.778704] iscsi: registered transport (tcp)
[    2.787333] libphy: Fixed MDIO Bus: probed
[    2.794419] ehci_hcd: USB 2.0 'Enhanced' Host Controller (EHCI) Driver
[    2.800986] ehci-pci: EHCI PCI platform driver
[    2.805484] ehci-platform: EHCI generic platform driver
[    2.810999] ehci-platform 1c1a000.usb: EHCI Host Controller
[    2.816625] ehci-platform 1c1a000.usb: new USB bus registered, assigned bus number 1
[    2.824924] ehci-platform 1c1a000.usb: irq 28, io mem 0x01c1a000
[    2.844198] ehci-platform 1c1a000.usb: USB 2.0 started, EHCI 1.00
[    2.850540] usb usb1: New USB device found, idVendor=1d6b, idProduct=0002, bcdDevice= 4.19
[    2.858826] usb usb1: New USB device strings: Mfr=3, Product=2, SerialNumber=1
[    2.866058] usb usb1: Product: EHCI Host Controller
[    2.870993] usb usb1: Manufacturer: Linux 4.19.5-1-ARCH ehci_hcd
[    2.877012] usb usb1: SerialNumber: 1c1a000.usb
[    2.882244] hub 1-0:1.0: USB hub found
[    2.886059] hub 1-0:1.0: 1 port detected
[    2.890499] ehci-mxc: Freescale On-Chip EHCI Host driver
[    2.895977] ehci-omap: OMAP-EHCI Host Controller driver
[    2.901333] ehci-orion: EHCI orion driver
[    2.905472] ehci-exynos: EHCI EXYNOS driver
[    2.909762] tegra-ehci: Tegra EHCI driver
[    2.913894] ohci_hcd: USB 1.1 'Open' Host Controller (OHCI) Driver
[    2.920114] ohci-pci: OHCI PCI platform driver
[    2.924640] ohci-platform: OHCI generic platform driver
[    2.930122] ohci-platform 1c1a400.usb: Generic Platform OHCI controller
[    2.936781] ohci-platform 1c1a400.usb: new USB bus registered, assigned bus number 2
[    2.944798] ohci-platform 1c1a400.usb: irq 29, io mem 0x01c1a400
[    3.012367] usb usb2: New USB device found, idVendor=1d6b, idProduct=0001, bcdDevice= 4.19
[    3.020650] usb usb2: New USB device strings: Mfr=3, Product=2, SerialNumber=1
[    3.027883] usb usb2: Product: Generic Platform OHCI controller
[    3.033814] usb usb2: Manufacturer: Linux 4.19.5-1-ARCH ohci_hcd
[    3.039830] usb usb2: SerialNumber: 1c1a400.usb
[    3.044988] hub 2-0:1.0: USB hub found
[    3.048796] hub 2-0:1.0: 1 port detected
[    3.053205] ohci-exynos: OHCI EXYNOS driver
[    3.057947] usbcore: registered new interface driver uas
[    3.063363] usbcore: registered new interface driver usb-storage
[    3.069422] usbcore: registered new interface driver ums-cypress
[    3.075473] usbcore: registered new interface driver ums_eneub6250
[    3.081697] usbcore: registered new interface driver ums-freecom
[    3.087745] usbcore: registered new interface driver ums-isd200
[    3.093706] usbcore: registered new interface driver ums-usbat
[    3.104084] sun6i-rtc 1f00000.rtc: rtc core: registered rtc-sun6i as rtc0
[    3.110929] sun6i-rtc 1f00000.rtc: RTC enabled
[    3.115838] i2c /dev entries driver
[    3.126005] sdhci: Secure Digital Host Controller Interface driver
[    3.132238] sdhci: Copyright(c) Pierre Ossman
[    3.137411] Synopsys Designware Multimedia Card Interface Driver
[    3.143981] VUB300 Driver rom wait states = 1C irqpoll timeout = 0400
[    3.144663] usbcore: registered new interface driver vub300
[    3.156974] usbcore: registered new interface driver ushc
[    3.163068] sunxi-mmc 1c0f000.mmc: Linked as a consumer to regulator.2
[    3.170269] sunxi-mmc 1c0f000.mmc: Got CD GPIO
[    3.200210] sunxi-mmc 1c0f000.mmc: initialized, max. request size: 16384 KB
[    3.207608] sunxi-mmc 1c10000.mmc: Linked as a consumer to regulator.2
[    3.219011] sunxi-mmc 1c10000.mmc: allocated mmc-pwrseq
[    3.247629] mmc0: host does not support reading read-only switch, assuming write-enable
[    3.249590] sunxi-mmc 1c10000.mmc: initialized, max. request size: 16384 KB
[    3.257847] mmc0: new high speed SD card at address 0002
[    3.263012] sunxi-mmc 1c11000.mmc: Linked as a consumer to regulator.2
[    3.276334] mmcblk0: mmc0:0002 00000 1.83 GiB 
[    3.282618]  mmcblk0: p1 p2
[    3.294985] mmc1: queuing unknown CIS tuple 0x80 (2 bytes)
[    3.302018] mmc1: queuing unknown CIS tuple 0x80 (3 bytes)
[    3.307561] sunxi-mmc 1c11000.mmc: initialized, max. request size: 16384 KB
[    3.315302] sdhci-pltfm: SDHCI platform and OF driver helper
[    3.321660] mmc1: queuing unknown CIS tuple 0x80 (3 bytes)
[    3.328822] ledtrig-cpu: registered to indicate activity on CPUs
[    3.335300] hidraw: raw HID events driver (C) Jiri Kosina
[    3.341212] usbcore: registered new interface driver usbhid
[    3.346832] mmc1: queuing unknown CIS tuple 0x80 (7 bytes)
[    3.352369] usbhid: USB HID core driver
[    3.355717] mmc1: queuing unknown CIS tuple 0x81 (9 bytes)
[    3.360611] NET: Registered protocol family 10
[    3.390672] Segment Routing with IPv6
[    3.394512] mip6: Mobile IPv6
[    3.395265] random: fast init done
[    3.395294] mmc2: new DDR MMC card at address 0001
[    3.396994] mmcblk2: mmc2:0001 8GME4R 7.28 GiB 
[    3.397615] NET: Registered protocol family 17
[    3.398334] mmcblk2boot0: mmc2:0001 8GME4R partition 1 4.00 MiB
[    3.399676] mmcblk2boot1: mmc2:0001 8GME4R partition 2 4.00 MiB
[    3.405731]  mmcblk2:
[    3.433315] Key type dns_resolver registered
[    3.437823] ThumbEE CPU extension supported.
[    3.442123] Registering SWP/SWPB emulation handler
[    3.447668] registered taskstats version 1
[    3.451786] Loading compiled-in X.509 certificates
[    3.456577] mmc1: new high speed SDIO card at address 0001
[    3.462211] zswap: loaded using pool lzo/zbud
[    3.468788] Btrfs loaded, crc32c=crc32c-generic
[    3.487710] usb_phy_generic usb_phy_generic.0.auto: usb_phy_generic.0.auto supply vcc not found, using dummy regulator
[    3.498596] usb_phy_generic usb_phy_generic.0.auto: Linked as a consumer to regulator.0
[    3.507291] musb-hdrc musb-hdrc.1.auto: MUSB HDRC host driver
[    3.513070] musb-hdrc musb-hdrc.1.auto: new USB bus registered, assigned bus number 3
[    3.521192] usb usb3: New USB device found, idVendor=1d6b, idProduct=0002, bcdDevice= 4.19
[    3.529476] usb usb3: New USB device strings: Mfr=3, Product=2, SerialNumber=1
[    3.536708] usb usb3: Product: MUSB HDRC host driver
[    3.541687] usb usb3: Manufacturer: Linux 4.19.5-1-ARCH musb-hcd
[    3.547702] usb usb3: SerialNumber: musb-hdrc.1.auto
[    3.553409] hub 3-0:1.0: USB hub found
[    3.557229] hub 3-0:1.0: 1 port detected
[    3.562653] cpu cpu0: Linked as a consumer to regulator.4
[    3.568180] cpu cpu0: Dropping the link to regulator.4
[    3.573530] cpu cpu0: Linked as a consumer to regulator.4
[    3.581023] input: gpio_keys as /devices/platform/gpio_keys/input/input0
[    3.587927] sun6i-rtc 1f00000.rtc: setting system clock to 2018-11-30 14:21:29 UTC (1543587689)
[    3.596701] sr_init: No PMIC hook to init smartreflex
[    3.602364] vcc3v0: disabling
[    3.605414] vcc5v0: disabling
[    3.608404] ALSA device list:
[    3.611369]   No soundcards found.
[    3.616487] Freeing unused kernel memory: 1024K
[    3.621311] Run /init as init process
[    5.027910] F2FS-fs (mmcblk0p2): Found nat_bits in checkpoint
[    5.063363] F2FS-fs (mmcblk0p2): Mounted with checkpoint version = 615d1c74
[    5.683840] systemd[1]: systemd 239 running in system mode. (+PAM +AUDIT -SELINUX -IMA -APPARMOR +SMACK -SYSVINIT +UTMP +LIBCRYPTSETUP +GCRYPT +GNUTLS +ACL +XZ +LZ4 +SECCOMP +BLKID +ELFUTILS +KMOD +IDN2 -IDN +PCRE2 default-hierarchy=hybrid)
[    5.705898] systemd[1]: Detected architecture arm.
[    5.737631] systemd[1]: Set hostname to <BananaPiP2Zero>.
[    6.462763] random: systemd: uninitialized urandom read (16 bytes read)
[    6.474822] systemd[1]: Created slice system-systemd\x2dfsck.slice.
[    6.492420] random: systemd: uninitialized urandom read (16 bytes read)
[    6.500916] systemd[1]: Created slice system-getty.slice.
[    6.516423] random: systemd: uninitialized urandom read (16 bytes read)
[    6.525033] systemd[1]: Listening on Journal Socket (/dev/log).
[    6.545760] systemd[1]: Listening on LVM2 metadata daemon socket.
[    6.565573] systemd[1]: Set up automount Arbitrary Executable File Formats File System Automount Point.
[    6.593775] systemd[1]: Listening on udev Kernel Socket.
[    6.612761] systemd[1]: Started Forward Password Requests to Wall Directory Watch.
[    7.442470] systemd-journald[192]: Received request to flush runtime journal from PID 1
[    8.383384] sunxi-wdt 1c20ca0.watchdog: Watchdog enabled (timeout=16 sec, nowayout=1)
[    8.459224] cfg80211: Loading compiled-in X.509 certificates for regulatory database
[    8.507983] cfg80211: Loaded X.509 cert 'sforshee: 00b28ddf47aef9cea7'
[    8.558895] platform regulatory.0: Direct firmware load for regulatory.db failed with error -2
[    8.569292] cfg80211: failed to load regulatory.db
[    8.591309] dwmac-sun8i 1c30000.ethernet: PTP uses main clock
[    8.600781] dwmac-sun8i 1c30000.ethernet: No regulator found
[    8.652481] brcmfmac: brcmf_fw_alloc_request: using brcm/brcmfmac43430-sdio for chip BCM43430/1
[    8.660403] dwmac-sun8i 1c30000.ethernet: Current syscon value is not the default 148000 (expect 58000)
[    8.663666] usbcore: registered new interface driver brcmfmac
[    8.694267] dwmac-sun8i 1c30000.ethernet: No HW DMA feature register supported
[    8.702594] dwmac-sun8i 1c30000.ethernet: RX Checksum Offload Engine supported
[    8.730090] dwmac-sun8i 1c30000.ethernet: COE Type 2
[    8.740143] sun4i-drm display-engine: bound 1100000.mixer (ops sun8i_mixer_ops [sun8i_mixer])
[    8.751337] dwmac-sun8i 1c30000.ethernet: TX Checksum insertion supported
[    8.760893] sun4i-drm display-engine: bound 1c0c000.lcd-controller (ops sun4i_tcon_ops [sun4i_tcon])
[    8.764357] dwmac-sun8i 1c30000.ethernet: Normal descriptors
[    8.776982] dwmac-sun8i 1c30000.ethernet: Chain mode enabled
[    8.786467] sun8i-dw-hdmi 1ee0000.hdmi: Detected HDMI TX controller v1.32a with HDCP (sun8i_dw_hdmi_phy)
[    8.786568] libphy: stmmac: probed
[    8.798468] sun8i-dw-hdmi 1ee0000.hdmi: registered DesignWare HDMI I2C bus driver
[    8.804881] dwmac-sun8i 1c30000.ethernet: Found internal PHY node
[    8.810190] sun4i-drm display-engine: bound 1ee0000.hdmi (ops sun8i_dw_hdmi_ops [sun8i_drm_hdmi])
[    8.816417] libphy: mdio_mux: probed
[    8.825928] dwmac-sun8i 1c30000.ethernet: Switch mux to internal PHY
[    8.828920] [drm] Supports vblank timestamp caching Rev 2 (21.10.2013).
[    8.832993] dwmac-sun8i 1c30000.ethernet: Powering internal PHY
[    8.841595] [drm] No driver support for vblank timestamp query.
[    8.854884] brcmfmac: brcmf_fw_alloc_request: using brcm/brcmfmac43430-sdio for chip BCM43430/1
[    8.855311] [drm] Cannot find any crtc or sizes
[    8.867476] brcmfmac mmc1:0001:1: Direct firmware load for brcm/brcmfmac43430-sdio.clm_blob failed with error -2
[    8.882732] brcmfmac: brcmf_c_process_clm_blob: no clm_blob available (err=-2), device may have limited channels available
[    8.887336] libphy: mdio_mux: probed
[    8.920313] brcmfmac: brcmf_c_preinit_dcmds: Firmware: BCM43430/1 wl0: Oct 23 2017 03:55:53 version 7.45.98.38 (r674442 CY) FWID 01-e58d219f
[    9.128582] Generic PHY 0.1:01: attached PHY driver [Generic PHY] (mii_bus:phy_addr=0.1:01, irq=POLL)
[    9.140960] Registered IR keymap rc-cec
[    9.141991] dwmac-sun8i 1c30000.ethernet eth0: No Safety Features support found
[    9.145193] rc rc0: RC for dw_hdmi as /devices/platform/soc/1ee0000.hdmi/rc/rc0
[    9.153224] dwmac-sun8i 1c30000.ethernet eth0: No MAC Management Counters available
[    9.160512] input: RC for dw_hdmi as /devices/platform/soc/1ee0000.hdmi/rc/rc0/input1
[    9.167509] dwmac-sun8i 1c30000.ethernet eth0: PTP not supported by HW
[    9.183232] IPv6: ADDRCONF(NETDEV_UP): eth0: link is not ready
[    9.298322] EXT4-fs (mmcblk0p1): mounted filesystem with ordered data mode. Opts: (null)
[    9.876448] [drm] Cannot find any crtc or sizes
[   11.051483] random: crng init done
[   11.054976] random: 7 urandom warning(s) missed due to ratelimiting
[   12.244817] dwmac-sun8i 1c30000.ethernet eth0: Link is Up - 100Mbps/Full - flow control rx/tx
[   12.253426] IPv6: ADDRCONF(NETDEV_CHANGE): eth0: link becomes ready
[   14.261326] dwmac-sun8i 1c30000.ethernet eth0: Too many address, switching to promiscuous
[   25.249966] IPv6: ADDRCONF(NETDEV_UP): wlan0: link is not ready
[   26.513162] IPv6: ADDRCONF(NETDEV_CHANGE): wlan0: link becomes ready
[   26.830696] 8021q: 802.1Q VLAN Support v1.8
