U-Boot SPL 2018.11-2 (Nov 20 2018 - 11:08:10 +0000)
DRAM: 256 MiB
Trying to boot from MMC1

U-Boot 2018.11-2 (Nov 20 2018 - 11:08:10 +0000) Arch Linux ARM

CPU:   Allwinner H3 (SUN8I 1680)
Model: FriendlyARM NanoPi NEO
DRAM:  256 MiB
MMC:   SUNXI SD/MMC: 0
In:    serial
Out:   serial
Err:   serial
Net:   phy interface0
eth0: ethernet@1c30000
starting USB...
USB0:   USB EHCI 1.00
USB1:   USB OHCI 1.0
USB2:   USB EHCI 1.00
USB3:   USB OHCI 1.0
scanning bus 0 for devices... 1 USB Device(s) found
scanning bus 2 for devices... 1 USB Device(s) found
       scanning usb for storage devices... 0 Storage Device(s) found
Hit any key to stop autoboot:  2  1  0 
switch to partitions #0, OK
mmc0 is current device
Scanning mmc 0:1...
Found U-Boot script /boot.scr
2474 bytes read in 6 ms (402.3 KiB/s)
## Executing script at 43100000
6359432 bytes read in 300 ms (20.2 MiB/s)
24230 bytes read in 8 ms (2.9 MiB/s)
5454286 bytes read in 258 ms (20.2 MiB/s)
## Flattened Device Tree blob at 43000000
   Booting using the fdt blob at 0x43000000
EHCI failed to shut down host controller.
EHCI failed to shut down host controller.
   Loading Ramdisk to 49acc000, end 49fff9ce ... OK
   Loading Device Tree to 49ac3000, end 49acbea5 ... OK

Starting kernel ...

[    0.000000] Booting Linux on physical CPU 0x0
[    0.000000] Linux version 4.19.2-1-ARCH (builduser@leming) (gcc version 8.2.0 (GCC)) #1 SMP PREEMPT Wed Nov 21 03:29:37 UTC 2018
[    0.000000] CPU: ARMv7 Processor [410fc075] revision 5 (ARMv7), cr=10c5387d
[    0.000000] CPU: div instructions available: patching division code
[    0.000000] CPU: PIPT / VIPT nonaliasing data cache, VIPT aliasing instruction cache
[    0.000000] OF: fdt: Machine model: FriendlyARM NanoPi NEO
[    0.000000] Memory policy: Data cache writealloc
[    0.000000] cma: Reserved 48 MiB at 0x4c800000
[    0.000000] psci: probing for conduit method from DT.
[    0.000000] psci: Using PSCI v0.1 Function IDs from DT
[    0.000000] random: get_random_bytes called from start_kernel+0x8c/0x480 with crng_init=0
[    0.000000] percpu: Embedded 17 pages/cpu @(ptrval) s38476 r8192 d22964 u69632
[    0.000000] Built 1 zonelists, mobility grouping on.  Total pages: 64960
[    0.000000] Kernel command line: console=ttyS0,115200 root=PARTUUID=486d6749-02 rw rootwait elevator=noop audit=0
[    0.000000] audit: disabled (until reboot)
[    0.000000] Dentry cache hash table entries: 32768 (order: 5, 131072 bytes)
[    0.000000] Inode-cache hash table entries: 16384 (order: 4, 65536 bytes)
[    0.000000] Memory: 183268K/262144K available (12288K kernel code, 1048K rwdata, 4948K rodata, 1024K init, 879K bss, 29724K reserved, 49152K cma-reserved, 0K highmem)
[    0.000000] Virtual kernel memory layout:
[    0.000000]     vector  : 0xffff0000 - 0xffff1000   (   4 kB)
[    0.000000]     fixmap  : 0xffc00000 - 0xfff00000   (3072 kB)
[    0.000000]     vmalloc : 0xd0800000 - 0xff800000   ( 752 MB)
[    0.000000]     lowmem  : 0xc0000000 - 0xd0000000   ( 256 MB)
[    0.000000]     pkmap   : 0xbfe00000 - 0xc0000000   (   2 MB)
[    0.000000]     modules : 0xbf000000 - 0xbfe00000   (  14 MB)
[    0.000000]       .text : 0x(ptrval) - 0x(ptrval)   (13280 kB)
[    0.000000]       .init : 0x(ptrval) - 0x(ptrval)   (1024 kB)
[    0.000000]       .data : 0x(ptrval) - 0x(ptrval)   (1049 kB)
[    0.000000]        .bss : 0x(ptrval) - 0x(ptrval)   ( 880 kB)
[    0.000000] SLUB: HWalign=64, Order=0-3, MinObjects=0, CPUs=4, Nodes=1
[    0.000000] rcu: Preemptible hierarchical RCU implementation.
[    0.000000] rcu: 	RCU restricting CPUs from NR_CPUS=8 to nr_cpu_ids=4.
[    0.000000] 	Tasks RCU enabled.
[    0.000000] rcu: Adjusting geometry for rcu_fanout_leaf=16, nr_cpu_ids=4
[    0.000000] NR_IRQS: 16, nr_irqs: 16, preallocated irqs: 16
[    0.000000] GIC: Using split EOI/Deactivate mode
[    0.000000] clocksource: timer: mask: 0xffffffff max_cycles: 0xffffffff, max_idle_ns: 79635851949 ns
[    0.000000] arch_timer: cp15 timer(s) running at 24.00MHz (phys).
[    0.000000] clocksource: arch_sys_counter: mask: 0xffffffffffffff max_cycles: 0x588fe9dc0, max_idle_ns: 440795202592 ns
[    0.000007] sched_clock: 56 bits at 24MHz, resolution 41ns, wraps every 4398046511097ns
[    0.000020] Switching to timer-based delay loop, resolution 41ns
[    0.000405] Console: colour dummy device 80x30
[    0.000475] Calibrating delay loop (skipped), value calculated using timer frequency.. 48.00 BogoMIPS (lpj=96000)
[    0.000492] pid_max: default: 32768 minimum: 301
[    0.000700] Security Framework initialized
[    0.000889] Mount-cache hash table entries: 1024 (order: 0, 4096 bytes)
[    0.000902] Mountpoint-cache hash table entries: 1024 (order: 0, 4096 bytes)
[    0.001908] CPU: Testing write buffer coherency: ok
[    0.002411] /cpus/cpu@0 missing clock-frequency property
[    0.002441] /cpus/cpu@1 missing clock-frequency property
[    0.002465] /cpus/cpu@2 missing clock-frequency property
[    0.002488] /cpus/cpu@3 missing clock-frequency property
[    0.002502] CPU0: thread -1, cpu 0, socket 0, mpidr 80000000
[    0.024122] Setting up static identity map for 0x40300000 - 0x403000a0
[    0.032109] rcu: Hierarchical SRCU implementation.
[    0.052203] smp: Bringing up secondary CPUs ...
[    0.094713] CPU1: thread -1, cpu 1, socket 0, mpidr 80000001
[    0.136888] CPU2: thread -1, cpu 2, socket 0, mpidr 80000002
[    0.179077] CPU3: thread -1, cpu 3, socket 0, mpidr 80000003
[    0.179199] smp: Brought up 1 node, 4 CPUs
[    0.179222] SMP: Total of 4 processors activated (192.00 BogoMIPS).
[    0.179230] CPU: All CPU(s) started in HYP mode.
[    0.179236] CPU: Virtualization extensions available.
[    0.180377] devtmpfs: initialized
[    0.185980] VFP support v0.3: implementor 41 architecture 2 part 30 variant 7 rev 5
[    0.186443] clocksource: jiffies: mask: 0xffffffff max_cycles: 0xffffffff, max_idle_ns: 7645041785100000 ns
[    0.186469] futex hash table entries: 1024 (order: 4, 65536 bytes)
[    0.188712] xor: measuring software checksum speed
[    0.227027]    arm4regs  :  1264.000 MB/sec
[    0.267052]    8regs     :   877.000 MB/sec
[    0.307126]    32regs    :   809.000 MB/sec
[    0.347199]    neon      :  1256.000 MB/sec
[    0.347208] xor: using function: arm4regs (1264.000 MB/sec)
[    0.347294] pinctrl core: initialized pinctrl subsystem
[    0.349002] NET: Registered protocol family 16
[    0.351496] DMA: preallocated 256 KiB pool for atomic coherent allocations
[    0.353478] cpuidle: using governor menu
[    0.353807] No ATAGs?
[    0.353962] hw-breakpoint: found 5 (+1 reserved) breakpoint and 4 watchpoint registers.
[    0.353976] hw-breakpoint: maximum watchpoint size is 8 bytes.
[    0.354919] Serial: AMBA PL011 UART driver
[    0.443895] raid6: int32x1  gen()   179 MB/s
[    0.511838] raid6: int32x1  xor()   165 MB/s
[    0.580093] raid6: int32x2  gen()   233 MB/s
[    0.648134] raid6: int32x2  xor()   173 MB/s
[    0.716216] raid6: int32x4  gen()   232 MB/s
[    0.784362] raid6: int32x4  xor()   163 MB/s
[    0.852774] raid6: int32x8  gen()   215 MB/s
[    0.920711] raid6: int32x8  xor()   152 MB/s
[    0.988774] raid6: neonx1   gen()   494 MB/s
[    1.056967] raid6: neonx1   xor()   485 MB/s
[    1.125121] raid6: neonx2   gen()   663 MB/s
[    1.193226] raid6: neonx2   xor()   584 MB/s
[    1.261369] raid6: neonx4   gen()   727 MB/s
[    1.329529] raid6: neonx4   xor()   619 MB/s
[    1.397690] raid6: neonx8   gen()   706 MB/s
[    1.465831] raid6: neonx8   xor()   604 MB/s
[    1.465839] raid6: using algorithm neonx4 gen() 727 MB/s
[    1.465846] raid6: .... xor() 619 MB/s, rmw enabled
[    1.465854] raid6: using neon recovery algorithm
[    1.470812] vgaarb: loaded
[    1.471585] SCSI subsystem initialized
[    1.472148] usbcore: registered new interface driver usbfs
[    1.472210] usbcore: registered new interface driver hub
[    1.472308] usbcore: registered new device driver usb
[    1.473241] media: Linux media interface: v0.10
[    1.473284] videodev: Linux video capture interface: v2.00
[    1.473337] pps_core: LinuxPPS API ver. 1 registered
[    1.473347] pps_core: Software ver. 5.3.6 - Copyright 2005-2007 Rodolfo Giometti <giometti@linux.it>
[    1.473377] PTP clock support registered
[    1.473414] EDAC MC: Ver: 3.0.0
[    1.474379] Advanced Linux Sound Architecture Driver Initialized.
[    1.475007] NetLabel: Initializing
[    1.475017] NetLabel:  domain hash size = 128
[    1.475024] NetLabel:  protocols = UNLABELED CIPSOv4 CALIPSO
[    1.475115] NetLabel:  unlabeled traffic allowed by default
[    1.475618] clocksource: Switched to clocksource arch_sys_counter
[    1.475872] VFS: Disk quotas dquot_6.6.0
[    1.475955] VFS: Dquot-cache hash table entries: 1024 (order 0, 4096 bytes)
[    1.485876] NET: Registered protocol family 2
[    1.486648] tcp_listen_portaddr_hash hash table entries: 512 (order: 0, 6144 bytes)
[    1.486681] TCP established hash table entries: 2048 (order: 1, 8192 bytes)
[    1.486711] TCP bind hash table entries: 2048 (order: 2, 16384 bytes)
[    1.486748] TCP: Hash tables configured (established 2048 bind 2048)
[    1.486875] UDP hash table entries: 256 (order: 1, 8192 bytes)
[    1.486928] UDP-Lite hash table entries: 256 (order: 1, 8192 bytes)
[    1.487185] NET: Registered protocol family 1
[    1.491922] RPC: Registered named UNIX socket transport module.
[    1.491937] RPC: Registered udp transport module.
[    1.491944] RPC: Registered tcp transport module.
[    1.491951] RPC: Registered tcp NFSv4.1 backchannel transport module.
[    1.492448] Unpacking initramfs...
[    1.820917] Freeing initrd memory: 5328K
[    1.834163] Initialise system trusted keyrings
[    1.834467] workingset: timestamp_bits=14 max_order=16 bucket_order=2
[    1.839134] zbud: loaded
[    1.841554] NFS: Registering the id_resolver key type
[    1.841594] Key type id_resolver registered
[    1.841603] Key type id_legacy registered
[    1.841621] nfs4filelayout_init: NFSv4 File Layout Driver Registering...
[    1.849222] Key type asymmetric registered
[    1.849245] Asymmetric key parser 'x509' registered
[    1.849338] Block layer SCSI generic (bsg) driver version 0.4 loaded (major 246)
[    1.849514] io scheduler noop registered (default)
[    1.849526] io scheduler deadline registered
[    1.849744] io scheduler cfq registered
[    1.849754] io scheduler mq-deadline registered
[    1.849764] io scheduler kyber registered
[    1.849958] io scheduler bfq registered
[    1.851740] sun4i-usb-phy 1c19400.phy: Couldn't request ID GPIO
[    1.858524] sun8i-h3-pinctrl 1c20800.pinctrl: initialized sunXi PIO driver
[    1.860563] sun8i-h3-r-pinctrl 1f02c00.pinctrl: initialized sunXi PIO driver
[    1.873296] Serial: 8250/16550 driver, 6 ports, IRQ sharing enabled
[    1.876338] console [ttyS0] disabled
[    1.896556] 1c28000.serial: ttyS0 at MMIO 0x1c28000 (irq = 35, base_baud = 1500000) is a U6_16550A
[    2.749762] console [ttyS0] enabled
[    2.754153] Serial: AMBA driver
[    2.770179] loop: module loaded
[    2.774441] Loading iSCSI transport class v2.0-870.
[    2.779933] iscsi: registered transport (tcp)
[    2.788293] libphy: Fixed MDIO Bus: probed
[    2.795174] ehci_hcd: USB 2.0 'Enhanced' Host Controller (EHCI) Driver
[    2.801749] ehci-pci: EHCI PCI platform driver
[    2.806252] ehci-platform: EHCI generic platform driver
[    2.811778] ehci-platform 1c1a000.usb: EHCI Host Controller
[    2.817404] ehci-platform 1c1a000.usb: new USB bus registered, assigned bus number 1
[    2.825639] ehci-platform 1c1a000.usb: irq 26, io mem 0x01c1a000
[    2.847676] ehci-platform 1c1a000.usb: USB 2.0 started, EHCI 1.00
[    2.854023] usb usb1: New USB device found, idVendor=1d6b, idProduct=0002, bcdDevice= 4.19
[    2.862313] usb usb1: New USB device strings: Mfr=3, Product=2, SerialNumber=1
[    2.869544] usb usb1: Product: EHCI Host Controller
[    2.874434] usb usb1: Manufacturer: Linux 4.19.2-1-ARCH ehci_hcd
[    2.880450] usb usb1: SerialNumber: 1c1a000.usb
[    2.885668] hub 1-0:1.0: USB hub found
[    2.889509] hub 1-0:1.0: 1 port detected
[    2.894186] ehci-mxc: Freescale On-Chip EHCI Host driver
[    2.899707] ehci-omap: OMAP-EHCI Host Controller driver
[    2.905063] ehci-orion: EHCI orion driver
[    2.909200] ehci-exynos: EHCI EXYNOS driver
[    2.913483] tegra-ehci: Tegra EHCI driver
[    2.917605] ohci_hcd: USB 1.1 'Open' Host Controller (OHCI) Driver
[    2.923830] ohci-pci: OHCI PCI platform driver
[    2.928354] ohci-platform: OHCI generic platform driver
[    2.933786] ohci-platform 1c1a400.usb: Generic Platform OHCI controller
[    2.940441] ohci-platform 1c1a400.usb: new USB bus registered, assigned bus number 2
[    2.948461] ohci-platform 1c1a400.usb: irq 27, io mem 0x01c1a400
[    3.015834] usb usb2: New USB device found, idVendor=1d6b, idProduct=0001, bcdDevice= 4.19
[    3.024120] usb usb2: New USB device strings: Mfr=3, Product=2, SerialNumber=1
[    3.031351] usb usb2: Product: Generic Platform OHCI controller
[    3.037282] usb usb2: Manufacturer: Linux 4.19.2-1-ARCH ohci_hcd
[    3.043298] usb usb2: SerialNumber: 1c1a400.usb
[    3.048460] hub 2-0:1.0: USB hub found
[    3.052293] hub 2-0:1.0: 1 port detected
[    3.056904] ohci-exynos: OHCI EXYNOS driver
[    3.061618] usbcore: registered new interface driver uas
[    3.067051] usbcore: registered new interface driver usb-storage
[    3.073117] usbcore: registered new interface driver ums-cypress
[    3.079171] usbcore: registered new interface driver ums_eneub6250
[    3.085395] usbcore: registered new interface driver ums-freecom
[    3.091456] usbcore: registered new interface driver ums-isd200
[    3.097421] usbcore: registered new interface driver ums-usbat
[    3.107446] sun6i-rtc 1f00000.rtc: rtc core: registered rtc-sun6i as rtc0
[    3.114273] sun6i-rtc 1f00000.rtc: RTC enabled
[    3.119130] i2c /dev entries driver
[    3.129356] sdhci: Secure Digital Host Controller Interface driver
[    3.135586] sdhci: Copyright(c) Pierre Ossman
[    3.140712] Synopsys Designware Multimedia Card Interface Driver
[    3.147241] VUB300 Driver rom wait states = 1C irqpoll timeout = 0400
[    3.147863] usbcore: registered new interface driver vub300
[    3.160172] usbcore: registered new interface driver ushc
[    3.166255] sunxi-mmc 1c0f000.mmc: Linked as a consumer to regulator.2
[    3.173523] sunxi-mmc 1c0f000.mmc: Got CD GPIO
[    3.203423] sunxi-mmc 1c0f000.mmc: initialized, max. request size: 16384 KB
[    3.210945] sdhci-pltfm: SDHCI platform and OF driver helper
[    3.218648] ledtrig-cpu: registered to indicate activity on CPUs
[    3.225164] hidraw: raw HID events driver (C) Jiri Kosina
[    3.230999] usbcore: registered new interface driver usbhid
[    3.236595] usbhid: USB HID core driver
[    3.244418] NET: Registered protocol family 10
[    3.258540] mmc0: host does not support reading read-only switch, assuming write-enable
[    3.272056] mmc0: new high speed SDHC card at address e624
[    3.273407] Segment Routing with IPv6
[    3.279122] mmcblk0: mmc0:e624 SL16G 14.8 GiB 
[    3.281394] mip6: Mobile IPv6
[    3.288787] NET: Registered protocol family 17
[    3.291561]  mmcblk0: p1 p2 p3
[    3.293555] Key type dns_resolver registered
[    3.300836] ThumbEE CPU extension supported.
[    3.305137] Registering SWP/SWPB emulation handler
[    3.310651] registered taskstats version 1
[    3.314772] Loading compiled-in X.509 certificates
[    3.319718] zswap: loaded using pool lzo/zbud
[    3.326197] Btrfs loaded, crc32c=crc32c-generic
[    3.344602] ehci-platform 1c1d000.usb: EHCI Host Controller
[    3.350260] ehci-platform 1c1d000.usb: new USB bus registered, assigned bus number 3
[    3.362606] ehci-platform 1c1d000.usb: irq 28, io mem 0x01c1d000
[    3.383642] ehci-platform 1c1d000.usb: USB 2.0 started, EHCI 1.00
[    3.389993] usb usb3: New USB device found, idVendor=1d6b, idProduct=0002, bcdDevice= 4.19
[    3.398281] usb usb3: New USB device strings: Mfr=3, Product=2, SerialNumber=1
[    3.405514] usb usb3: Product: EHCI Host Controller
[    3.410405] usb usb3: Manufacturer: Linux 4.19.2-1-ARCH ehci_hcd
[    3.416420] usb usb3: SerialNumber: 1c1d000.usb
[    3.421665] hub 3-0:1.0: USB hub found
[    3.425507] hub 3-0:1.0: 1 port detected
[    3.431243] ohci-platform 1c1d400.usb: Generic Platform OHCI controller
[    3.437919] ohci-platform 1c1d400.usb: new USB bus registered, assigned bus number 4
[    3.445985] ohci-platform 1c1d400.usb: irq 29, io mem 0x01c1d400
[    3.515858] usb usb4: New USB device found, idVendor=1d6b, idProduct=0001, bcdDevice= 4.19
[    3.524140] usb usb4: New USB device strings: Mfr=3, Product=2, SerialNumber=1
[    3.531372] usb usb4: Product: Generic Platform OHCI controller
[    3.537304] usb usb4: Manufacturer: Linux 4.19.2-1-ARCH ohci_hcd
[    3.543319] usb usb4: SerialNumber: 1c1d400.usb
[    3.548927] hub 4-0:1.0: USB hub found
[    3.552742] hub 4-0:1.0: 1 port detected
[    3.558441] usb_phy_generic usb_phy_generic.0.auto: usb_phy_generic.0.auto supply vcc not found, using dummy regulator
[    3.569301] usb_phy_generic usb_phy_generic.0.auto: Linked as a consumer to regulator.0
[    3.579541] input: r_gpio_keys as /devices/platform/r_gpio_keys/input/input0
[    3.586856] sun6i-rtc 1f00000.rtc: setting system clock to 1970-01-01 00:00:13 UTC (13)
[    3.594906] sr_init: No PMIC hook to init smartreflex
[    3.600541] vcc3v0: disabling
[    3.603515] vcc5v0: disabling
[    3.606520] ALSA device list:
[    3.609502]   No soundcards found.
[    3.614546] Freeing unused kernel memory: 1024K
[    3.619398] Run /init as init process
[    4.834726] random: fast init done
[    5.155940] F2FS-fs (mmcblk0p2): Found nat_bits in checkpoint
[    5.239759] F2FS-fs (mmcblk0p2): Mounted with checkpoint version = 3c1e64ad
[    5.857027] systemd[1]: System time before build time, advancing clock.
[    5.951015] systemd[1]: systemd 239 running in system mode. (+PAM +AUDIT -SELINUX -IMA -APPARMOR +SMACK -SYSVINIT +UTMP +LIBCRYPTSETUP +GCRYPT +GNUTLS +ACL +XZ +LZ4 +SECCOMP +BLKID +ELFUTILS +KMOD +IDN2 -IDN +PCRE2 default-hierarchy=hybrid)
[    5.973090] systemd[1]: Detected architecture arm.
[    6.012046] systemd[1]: Set hostname to <USBRender>.
[    6.813932] random: systemd: uninitialized urandom read (16 bytes read)
[    6.821090] systemd[1]: Listening on Device-mapper event daemon FIFOs.
[    6.868444] random: systemd: uninitialized urandom read (16 bytes read)
[    6.875241] systemd[1]: Reached target Swap.
[    6.895817] random: systemd: uninitialized urandom read (16 bytes read)
[    6.908968] systemd[1]: Created slice system-systemd\x2dfsck.slice.
[    6.928334] systemd[1]: Listening on initctl Compatibility Named Pipe.
[    6.952231] systemd[1]: Listening on Network Service Netlink Socket.
[    6.975973] systemd[1]: Listening on udev Control Socket.
[    6.995811] systemd[1]: Listening on LVM2 poll daemon socket.
[    8.049945] systemd-journald[191]: Received request to flush runtime journal from PID 1
[    8.265821] bridge: filtering via arp/ip/ip6tables is no longer available by default. Update your scripts to load br_netfilter if you need this.
[    8.839816] sunxi-wdt 1c20ca0.watchdog: Watchdog enabled (timeout=16 sec, nowayout=1)
[    9.092370] dwmac-sun8i 1c30000.ethernet: PTP uses main clock
[    9.120443] dwmac-sun8i 1c30000.ethernet: No regulator found
[    9.134858] dwmac-sun8i 1c30000.ethernet: Current syscon value is not the default 148000 (expect 58000)
[    9.144893] dwmac-sun8i 1c30000.ethernet: No HW DMA feature register supported
[    9.152284] dwmac-sun8i 1c30000.ethernet: RX Checksum Offload Engine supported
[    9.159878] dwmac-sun8i 1c30000.ethernet: COE Type 2
[    9.164968] dwmac-sun8i 1c30000.ethernet: TX Checksum insertion supported
[    9.171913] dwmac-sun8i 1c30000.ethernet: Normal descriptors
[    9.176076] IPv6: ADDRCONF(NETDEV_UP): br-gdg: link is not ready
[    9.178557] dwmac-sun8i 1c30000.ethernet: Chain mode enabled
[    9.189706] libphy: stmmac: probed
[    9.196899] dwmac-sun8i 1c30000.ethernet: Found internal PHY node
[    9.203398] libphy: mdio_mux: probed
[    9.207089] dwmac-sun8i 1c30000.ethernet: Switch mux to internal PHY
[    9.213504] dwmac-sun8i 1c30000.ethernet: Powering internal PHY
[    9.226818] libphy: mdio_mux: probed
[    9.314553] Generic PHY 0.1:01: attached PHY driver [Generic PHY] (mii_bus:phy_addr=0.1:01, irq=POLL)
[    9.326713] dwmac-sun8i 1c30000.ethernet eth0: No Safety Features support found
[    9.334932] dwmac-sun8i 1c30000.ethernet eth0: No MAC Management Counters available
[    9.344149] dwmac-sun8i 1c30000.ethernet eth0: PTP not supported by HW
[    9.354958] IPv6: ADDRCONF(NETDEV_UP): eth0: link is not ready
[    9.594046] EXT4-fs (mmcblk0p1): mounted filesystem with ordered data mode. Opts: (null)
[   11.377467] random: crng init done
[   11.380972] random: 7 urandom warning(s) missed due to ratelimiting
[   12.436302] dwmac-sun8i 1c30000.ethernet eth0: Link is Up - 100Mbps/Full - flow control rx/tx
[   12.444913] IPv6: ADDRCONF(NETDEV_CHANGE): eth0: link becomes ready
[   13.684781] dwmac-sun8i 1c30000.ethernet eth0: Too many address, switching to promiscuous
[   17.524241] dwmac-sun8i 1c30000.ethernet eth0: Too many address, switching to promiscuous
