U-Boot SPL 2019.01-1 (Jan 20 2019 - 10:15:50 +0000)
DRAM: 512 MiB
Trying to boot from MMC1

U-Boot 2019.01-1 (Jan 20 2019 - 10:15:50 +0000) Arch Linux ARM

CPU:   Allwinner H3 (SUN8I 1680)
Model: Xunlong Orange Pi One
DRAM:  512 MiB
MMC:   SUNXI SD/MMC: 0
In:    serial
Out:   vidconsole
Err:   vidconsole
Net:   phy interface0
eth0: ethernet@1c30000
starting USB...
USB0:   USB EHCI 1.00
USB1:   USB OHCI 1.0
USB2:   USB EHCI 1.00
USB3:   USB OHCI 1.0
scanning bus 0 for devices... 1 USB Device(s) found
scanning bus 2 for devices... 3 USB Device(s) found
       scanning usb for storage devices... 0 Storage Device(s) found
Hit any key to stop autoboot:  2  1  0 
switch to partitions #0, OK
mmc0 is current device
Scanning mmc 0:1...
Found U-Boot script /boot.scr
2474 bytes read in 7 ms (344.7 KiB/s)
## Executing script at 43100000
6431336 bytes read in 302 ms (20.3 MiB/s)
25571 bytes read in 12 ms (2 MiB/s)
5000081 bytes read in 234 ms (20.4 MiB/s)
## Flattened Device Tree blob at 43000000
   Booting using the fdt blob at 0x43000000
EHCI failed to shut down host controller.
EHCI failed to shut down host controller.
   Loading Ramdisk to 49b3b000, end 49fffb91 ... OK
   Loading Device Tree to 49b31000, end 49b3a3e2 ... OK

Starting kernel ...

[    0.000000] Booting Linux on physical CPU 0x0
[    0.000000] Linux version 4.20.2-2-ARCH (builduser@leming) (gcc version 8.2.1 20181127 (GCC)) #1 SMP PREEMPT Fri Jan 18 03:39:51 UTC 2019
[    0.000000] CPU: ARMv7 Processor [410fc075] revision 5 (ARMv7), cr=10c5387d
[    0.000000] CPU: div instructions available: patching division code
[    0.000000] CPU: PIPT / VIPT nonaliasing data cache, VIPT aliasing instruction cache
[    0.000000] OF: fdt: Machine model: Xunlong Orange Pi One
[    0.000000] Memory policy: Data cache writealloc
[    0.000000] Reserved memory: created CMA memory pool at 0x4a000000, size 96 MiB
[    0.000000] OF: reserved mem: initialized node cma@4a000000, compatible id shared-dma-pool
[    0.000000] psci: probing for conduit method from DT.
[    0.000000] psci: Using PSCI v0.1 Function IDs from DT
[    0.000000] random: get_random_bytes called from start_kernel+0x8c/0x480 with crng_init=0
[    0.000000] percpu: Embedded 17 pages/cpu @(ptrval) s38028 r8192 d23412 u69632
[    0.000000] Built 1 zonelists, mobility grouping on.  Total pages: 121800
[    0.000000] Kernel command line: console=ttyS0,115200 root=PARTUUID=429587c5-02 rw rootwait elevator=noop audit=0
[    0.000000] audit: disabled (until reboot)
[    0.000000] Dentry cache hash table entries: 65536 (order: 6, 262144 bytes)
[    0.000000] Inode-cache hash table entries: 32768 (order: 5, 131072 bytes)
[    0.000000] Memory: 360596K/491520K available (12288K kernel code, 1052K rwdata, 4996K rodata, 2048K init, 880K bss, 32620K reserved, 98304K cma-reserved, 0K highmem)
[    0.000000] Virtual kernel memory layout:
[    0.000000]     vector  : 0xffff0000 - 0xffff1000   (   4 kB)
[    0.000000]     fixmap  : 0xffc00000 - 0xfff00000   (3072 kB)
[    0.000000]     vmalloc : 0xde800000 - 0xff800000   ( 528 MB)
[    0.000000]     lowmem  : 0xc0000000 - 0xde000000   ( 480 MB)
[    0.000000]     pkmap   : 0xbfe00000 - 0xc0000000   (   2 MB)
[    0.000000]     modules : 0xbf000000 - 0xbfe00000   (  14 MB)
[    0.000000]       .text : 0x(ptrval) - 0x(ptrval)   (13280 kB)
[    0.000000]       .init : 0x(ptrval) - 0x(ptrval)   (2048 kB)
[    0.000000]       .data : 0x(ptrval) - 0x(ptrval)   (1053 kB)
[    0.000000]        .bss : 0x(ptrval) - 0x(ptrval)   ( 881 kB)
[    0.000000] SLUB: HWalign=64, Order=0-3, MinObjects=0, CPUs=4, Nodes=1
[    0.000000] rcu: Preemptible hierarchical RCU implementation.
[    0.000000] rcu: 	RCU restricting CPUs from NR_CPUS=8 to nr_cpu_ids=4.
[    0.000000] 	Tasks RCU enabled.
[    0.000000] rcu: RCU calculated value of scheduler-enlistment delay is 25 jiffies.
[    0.000000] rcu: Adjusting geometry for rcu_fanout_leaf=16, nr_cpu_ids=4
[    0.000000] NR_IRQS: 16, nr_irqs: 16, preallocated irqs: 16
[    0.000000] GIC: Using split EOI/Deactivate mode
[    0.000000] clocksource: timer: mask: 0xffffffff max_cycles: 0xffffffff, max_idle_ns: 79635851949 ns
[    0.000000] arch_timer: cp15 timer(s) running at 24.00MHz (phys).
[    0.000000] clocksource: arch_sys_counter: mask: 0xffffffffffffff max_cycles: 0x588fe9dc0, max_idle_ns: 440795202592 ns
[    0.000006] sched_clock: 56 bits at 24MHz, resolution 41ns, wraps every 4398046511097ns
[    0.000020] Switching to timer-based delay loop, resolution 41ns
[    0.000437] Console: colour dummy device 80x30
[    0.000505] Calibrating delay loop (skipped), value calculated using timer frequency.. 48.00 BogoMIPS (lpj=96000)
[    0.000520] pid_max: default: 32768 minimum: 301
[    0.000746] LSM: Security Framework initializing
[    0.000933] Mount-cache hash table entries: 1024 (order: 0, 4096 bytes)
[    0.000948] Mountpoint-cache hash table entries: 1024 (order: 0, 4096 bytes)
[    0.001955] CPU: Testing write buffer coherency: ok
[    0.002416] /cpus/cpu@0 missing clock-frequency property
[    0.002442] /cpus/cpu@1 missing clock-frequency property
[    0.002464] /cpus/cpu@2 missing clock-frequency property
[    0.002485] /cpus/cpu@3 missing clock-frequency property
[    0.002499] CPU0: thread -1, cpu 0, socket 0, mpidr 80000000
[    0.024114] Setting up static identity map for 0x40300000 - 0x403000a0
[    0.032104] rcu: Hierarchical SRCU implementation.
[    0.052195] smp: Bringing up secondary CPUs ...
[    0.094702] CPU1: thread -1, cpu 1, socket 0, mpidr 80000001
[    0.136871] CPU2: thread -1, cpu 2, socket 0, mpidr 80000002
[    0.179045] CPU3: thread -1, cpu 3, socket 0, mpidr 80000003
[    0.179161] smp: Brought up 1 node, 4 CPUs
[    0.179187] SMP: Total of 4 processors activated (192.00 BogoMIPS).
[    0.179195] CPU: All CPU(s) started in HYP mode.
[    0.179201] CPU: Virtualization extensions available.
[    0.180314] devtmpfs: initialized
[    0.186355] VFP support v0.3: implementor 41 architecture 2 part 30 variant 7 rev 5
[    0.186855] clocksource: jiffies: mask: 0xffffffff max_cycles: 0xffffffff, max_idle_ns: 7645041785100000 ns
[    0.186881] futex hash table entries: 1024 (order: 4, 65536 bytes)
[    0.190566] xor: measuring software checksum speed
[    0.227025]    arm4regs  :  1264.000 MB/sec
[    0.267033]    8regs     :   877.000 MB/sec
[    0.307105]    32regs    :   809.000 MB/sec
[    0.347175]    neon      :  1256.000 MB/sec
[    0.347184] xor: using function: arm4regs (1264.000 MB/sec)
[    0.347272] pinctrl core: initialized pinctrl subsystem
[    0.348980] NET: Registered protocol family 16
[    0.351429] DMA: preallocated 256 KiB pool for atomic coherent allocations
[    0.353367] cpuidle: using governor menu
[    0.353668] No ATAGs?
[    0.353816] hw-breakpoint: found 5 (+1 reserved) breakpoint and 4 watchpoint registers.
[    0.353830] hw-breakpoint: maximum watchpoint size is 8 bytes.
[    0.354776] Serial: AMBA PL011 UART driver
[    0.443639] raid6: neonx8   gen()   704 MB/s
[    0.511747] raid6: neonx8   xor()   604 MB/s
[    0.579931] raid6: neonx4   gen()   727 MB/s
[    0.647979] raid6: neonx4   xor()   619 MB/s
[    0.716147] raid6: neonx2   gen()   663 MB/s
[    0.784189] raid6: neonx2   xor()   584 MB/s
[    0.852293] raid6: neonx1   gen()   494 MB/s
[    0.920422] raid6: neonx1   xor()   466 MB/s
[    0.988803] raid6: int32x8  gen()   215 MB/s
[    1.056774] raid6: int32x8  xor()   152 MB/s
[    1.124874] raid6: int32x4  gen()   232 MB/s
[    1.192989] raid6: int32x4  xor()   163 MB/s
[    1.261336] raid6: int32x2  gen()   233 MB/s
[    1.329327] raid6: int32x2  xor()   173 MB/s
[    1.397727] raid6: int32x1  gen()   180 MB/s
[    1.465650] raid6: int32x1  xor()   165 MB/s
[    1.465658] raid6: using algorithm neonx4 gen() 727 MB/s
[    1.465665] raid6: .... xor() 619 MB/s, rmw enabled
[    1.465673] raid6: using neon recovery algorithm
[    1.471228] vgaarb: loaded
[    1.471989] SCSI subsystem initialized
[    1.472541] usbcore: registered new interface driver usbfs
[    1.472610] usbcore: registered new interface driver hub
[    1.472702] usbcore: registered new device driver usb
[    1.473802] media: Linux media interface: v0.10
[    1.473843] videodev: Linux video capture interface: v2.00
[    1.473979] pps_core: LinuxPPS API ver. 1 registered
[    1.473988] pps_core: Software ver. 5.3.6 - Copyright 2005-2007 Rodolfo Giometti <giometti@linux.it>
[    1.474012] PTP clock support registered
[    1.474049] EDAC MC: Ver: 3.0.0
[    1.474973] Advanced Linux Sound Architecture Driver Initialized.
[    1.475565] NetLabel: Initializing
[    1.475576] NetLabel:  domain hash size = 128
[    1.475582] NetLabel:  protocols = UNLABELED CIPSOv4 CALIPSO
[    1.475687] NetLabel:  unlabeled traffic allowed by default
[    1.476166] clocksource: Switched to clocksource arch_sys_counter
[    1.476555] VFS: Disk quotas dquot_6.6.0
[    1.476648] VFS: Dquot-cache hash table entries: 1024 (order 0, 4096 bytes)
[    1.487068] NET: Registered protocol family 2
[    1.487848] tcp_listen_portaddr_hash hash table entries: 512 (order: 0, 6144 bytes)
[    1.487883] TCP established hash table entries: 4096 (order: 2, 16384 bytes)
[    1.487927] TCP bind hash table entries: 4096 (order: 3, 32768 bytes)
[    1.487991] TCP: Hash tables configured (established 4096 bind 4096)
[    1.488100] UDP hash table entries: 256 (order: 1, 8192 bytes)
[    1.488231] UDP-Lite hash table entries: 256 (order: 1, 8192 bytes)
[    1.488506] NET: Registered protocol family 1
[    1.493162] RPC: Registered named UNIX socket transport module.
[    1.493176] RPC: Registered udp transport module.
[    1.493184] RPC: Registered tcp transport module.
[    1.493190] RPC: Registered tcp NFSv4.1 backchannel transport module.
[    1.493706] Unpacking initramfs...
[    1.792844] Freeing initrd memory: 4884K
[    1.812764] Initialise system trusted keyrings
[    1.813079] workingset: timestamp_bits=14 max_order=17 bucket_order=3
[    1.818101] zbud: loaded
[    1.820335] NFS: Registering the id_resolver key type
[    1.820380] Key type id_resolver registered
[    1.820388] Key type id_legacy registered
[    1.820405] nfs4filelayout_init: NFSv4 File Layout Driver Registering...
[    2.066879] Key type asymmetric registered
[    2.066902] Asymmetric key parser 'x509' registered
[    2.067002] Block layer SCSI generic (bsg) driver version 0.4 loaded (major 246)
[    2.067268] io scheduler noop registered (default)
[    2.067281] io scheduler deadline registered
[    2.067502] io scheduler cfq registered
[    2.067513] io scheduler mq-deadline registered
[    2.067522] io scheduler kyber registered
[    2.067712] io scheduler bfq registered
[    2.069629] sun4i-usb-phy 1c19400.phy: Couldn't request ID GPIO
[    2.077038] sun8i-h3-pinctrl 1c20800.pinctrl: initialized sunXi PIO driver
[    2.078910] sun8i-h3-r-pinctrl 1f02c00.pinctrl: initialized sunXi PIO driver
[    2.092603] Serial: 8250/16550 driver, 6 ports, IRQ sharing enabled
[    2.095499] printk: console [ttyS0] disabled
[    2.115711] 1c28000.serial: ttyS0 at MMIO 0x1c28000 (irq = 35, base_baud = 1500000) is a U6_16550A
[    2.989808] printk: console [ttyS0] enabled
[    2.994964] Serial: AMBA driver
[    3.010816] loop: module loaded
[    3.015118] Loading iSCSI transport class v2.0-870.
[    3.020571] iscsi: registered transport (tcp)
[    3.029240] libphy: Fixed MDIO Bus: probed
[    3.036355] ehci_hcd: USB 2.0 'Enhanced' Host Controller (EHCI) Driver
[    3.042906] ehci-pci: EHCI PCI platform driver
[    3.047401] ehci-platform: EHCI generic platform driver
[    3.052900] ehci-platform 1c1a000.usb: EHCI Host Controller
[    3.058523] ehci-platform 1c1a000.usb: new USB bus registered, assigned bus number 1
[    3.066798] ehci-platform 1c1a000.usb: irq 26, io mem 0x01c1a000
[    3.088204] ehci-platform 1c1a000.usb: USB 2.0 started, EHCI 1.00
[    3.094567] usb usb1: New USB device found, idVendor=1d6b, idProduct=0002, bcdDevice= 4.20
[    3.102854] usb usb1: New USB device strings: Mfr=3, Product=2, SerialNumber=1
[    3.110084] usb usb1: Product: EHCI Host Controller
[    3.114972] usb usb1: Manufacturer: Linux 4.20.2-2-ARCH ehci_hcd
[    3.120986] usb usb1: SerialNumber: 1c1a000.usb
[    3.126178] hub 1-0:1.0: USB hub found
[    3.130015] hub 1-0:1.0: 1 port detected
[    3.134711] ehci-mxc: Freescale On-Chip EHCI Host driver
[    3.140226] ehci-omap: OMAP-EHCI Host Controller driver
[    3.145574] ehci-orion: EHCI orion driver
[    3.149703] ehci-exynos: EHCI EXYNOS driver
[    3.153991] tegra-ehci: Tegra EHCI driver
[    3.158122] ohci_hcd: USB 1.1 'Open' Host Controller (OHCI) Driver
[    3.164373] ohci-pci: OHCI PCI platform driver
[    3.168905] ohci-platform: OHCI generic platform driver
[    3.174342] ohci-platform 1c1a400.usb: Generic Platform OHCI controller
[    3.180994] ohci-platform 1c1a400.usb: new USB bus registered, assigned bus number 2
[    3.188990] ohci-platform 1c1a400.usb: irq 27, io mem 0x01c1a400
[    3.256372] usb usb2: New USB device found, idVendor=1d6b, idProduct=0001, bcdDevice= 4.20
[    3.264653] usb usb2: New USB device strings: Mfr=3, Product=2, SerialNumber=1
[    3.271882] usb usb2: Product: Generic Platform OHCI controller
[    3.277811] usb usb2: Manufacturer: Linux 4.20.2-2-ARCH ohci_hcd
[    3.283826] usb usb2: SerialNumber: 1c1a400.usb
[    3.288927] hub 2-0:1.0: USB hub found
[    3.292747] hub 2-0:1.0: 1 port detected
[    3.297377] ohci-exynos: OHCI EXYNOS driver
[    3.302117] usbcore: registered new interface driver uas
[    3.307544] usbcore: registered new interface driver usb-storage
[    3.313609] usbcore: registered new interface driver ums-cypress
[    3.319666] usbcore: registered new interface driver ums_eneub6250
[    3.325886] usbcore: registered new interface driver ums-freecom
[    3.331935] usbcore: registered new interface driver ums-isd200
[    3.337896] usbcore: registered new interface driver ums-usbat
[    3.348369] sun6i-rtc 1f00000.rtc: rtc core: registered rtc-sun6i as rtc0
[    3.355183] sun6i-rtc 1f00000.rtc: RTC enabled
[    3.360088] i2c /dev entries driver
[    3.369626] sdhci: Secure Digital Host Controller Interface driver
[    3.375851] sdhci: Copyright(c) Pierre Ossman
[    3.381013] Synopsys Designware Multimedia Card Interface Driver
[    3.387582] VUB300 Driver rom wait states = 1C irqpoll timeout = 0400
[    3.388240] usbcore: registered new interface driver vub300
[    3.400521] usbcore: registered new interface driver ushc
[    3.406595] sunxi-mmc 1c0f000.mmc: Linked as a consumer to regulator.2
[    3.413783] sunxi-mmc 1c0f000.mmc: Got CD GPIO
[    3.443652] sunxi-mmc 1c0f000.mmc: initialized, max. request size: 16384 KB
[    3.451243] sdhci-pltfm: SDHCI platform and OF driver helper
[    3.459115] ledtrig-cpu: registered to indicate activity on CPUs
[    3.465606] hidraw: raw HID events driver (C) Jiri Kosina
[    3.471462] usbcore: registered new interface driver usbhid
[    3.477054] usbhid: USB HID core driver
[    3.485105] NET: Registered protocol family 10
[    3.496979] mmc0: host does not support reading read-only switch, assuming write-enable
[    3.507295] mmc0: new high speed SDHC card at address 1234
[    3.514244] mmcblk0: mmc0:1234 SA16G 14.5 GiB 
[    3.521037]  mmcblk0: p1 p2
[    3.530119] Segment Routing with IPv6
[    3.533962] mip6: Mobile IPv6
[    3.536967] NET: Registered protocol family 17
[    3.545795] Key type dns_resolver registered
[    3.550307] ThumbEE CPU extension supported.
[    3.554611] Registering SWP/SWPB emulation handler
[    3.560233] registered taskstats version 1
[    3.564363] Loading compiled-in X.509 certificates
[    3.569293] zswap: loaded using pool lzo/zbud
[    3.575752] Btrfs loaded, crc32c=crc32c-generic
[    3.593034] simple-framebuffer 5e000000.framebuffer: framebuffer at 0x5e000000, 0x258000 bytes, mapped to 0x(ptrval)
[    3.603601] simple-framebuffer 5e000000.framebuffer: format=x8r8g8b8, mode=1024x600x32, linelength=4096
[    3.623370] Console: switching to colour frame buffer device 128x37
[    3.638368] simple-framebuffer 5e000000.framebuffer: fb0: simplefb registered!
[    3.646406] sun4i-usb-phy 1c19400.phy: Linked as a consumer to regulator.4
[    3.655307] ehci-platform 1c1b000.usb: EHCI Host Controller
[    3.660979] ehci-platform 1c1b000.usb: new USB bus registered, assigned bus number 3
[    3.669135] ehci-platform 1c1b000.usb: irq 28, io mem 0x01c1b000
[    3.688194] ehci-platform 1c1b000.usb: USB 2.0 started, EHCI 1.00
[    3.694542] usb usb3: New USB device found, idVendor=1d6b, idProduct=0002, bcdDevice= 4.20
[    3.702827] usb usb3: New USB device strings: Mfr=3, Product=2, SerialNumber=1
[    3.710062] usb usb3: Product: EHCI Host Controller
[    3.714950] usb usb3: Manufacturer: Linux 4.20.2-2-ARCH ehci_hcd
[    3.720965] usb usb3: SerialNumber: 1c1b000.usb
[    3.726178] hub 3-0:1.0: USB hub found
[    3.729991] hub 3-0:1.0: 1 port detected
[    3.735643] ohci-platform 1c1b400.usb: Generic Platform OHCI controller
[    3.742312] ohci-platform 1c1b400.usb: new USB bus registered, assigned bus number 4
[    3.750356] ohci-platform 1c1b400.usb: irq 29, io mem 0x01c1b400
[    3.820408] usb usb4: New USB device found, idVendor=1d6b, idProduct=0001, bcdDevice= 4.20
[    3.828690] usb usb4: New USB device strings: Mfr=3, Product=2, SerialNumber=1
[    3.835920] usb usb4: Product: Generic Platform OHCI controller
[    3.841850] usb usb4: Manufacturer: Linux 4.20.2-2-ARCH ohci_hcd
[    3.847865] usb usb4: SerialNumber: 1c1b400.usb
[    3.853005] hub 4-0:1.0: USB hub found
[    3.856815] hub 4-0:1.0: 1 port detected
[    3.862503] usb_phy_generic usb_phy_generic.0.auto: usb_phy_generic.0.auto supply vcc not found, using dummy regulator
[    3.873315] usb_phy_generic usb_phy_generic.0.auto: Linked as a consumer to regulator.0
[    3.881925] musb-hdrc musb-hdrc.1.auto: MUSB HDRC host driver
[    3.887717] musb-hdrc musb-hdrc.1.auto: new USB bus registered, assigned bus number 5
[    3.895778] usb usb5: New USB device found, idVendor=1d6b, idProduct=0002, bcdDevice= 4.20
[    3.904067] usb usb5: New USB device strings: Mfr=3, Product=2, SerialNumber=1
[    3.911301] usb usb5: Product: MUSB HDRC host driver
[    3.916277] usb usb5: Manufacturer: Linux 4.20.2-2-ARCH musb-hcd
[    3.922291] usb usb5: SerialNumber: musb-hdrc.1.auto
[    3.927835] hub 5-0:1.0: USB hub found
[    3.931651] hub 5-0:1.0: 1 port detected
[    3.937085] cpu cpu0: Linked as a consumer to regulator.5
[    3.942593] cpu cpu0: Dropping the link to regulator.5
[    3.947960] cpu cpu0: Linked as a consumer to regulator.5
[    3.955397] input: r_gpio_keys as /devices/platform/r_gpio_keys/input/input0
[    3.962669] sun6i-rtc 1f00000.rtc: setting system clock to 1970-01-01 00:00:12 UTC (12)
[    3.970745] sr_init: No PMIC hook to init smartreflex
[    3.976476] vcc3v0: disabling
[    3.979451] vcc5v0: disabling
[    3.982445] usb0-vbus: disabling
[    3.985693] ALSA device list:
[    3.988672]   No soundcards found.
[    3.994725] Freeing unused kernel memory: 2048K
[    4.008435] Run /init as init process
[    4.084286] usb 3-1: new high-speed USB device number 2 using ehci-platform
[    4.259633] usb 3-1: New USB device found, idVendor=0bda, idProduct=5411, bcdDevice= 1.04
[    4.267859] usb 3-1: New USB device strings: Mfr=1, Product=2, SerialNumber=0
[    4.275020] usb 3-1: Product: 4-Port USB 2.0 Hub
[    4.279665] usb 3-1: Manufacturer: Generic
[    4.284957] hub 3-1:1.0: USB hub found
[    4.289828] hub 3-1:1.0: 4 ports detected
[    4.997930] random: fast init done
[    5.008218] usb 3-1.3: new full-speed USB device number 3 using ehci-platform
[    5.123128] usb 3-1.3: New USB device found, idVendor=0eef, idProduct=0005, bcdDevice= 2.00
[    5.131567] usb 3-1.3: New USB device strings: Mfr=1, Product=2, SerialNumber=3
[    5.138922] usb 3-1.3: Product: WS170120
[    5.146385] usb 3-1.3: Manufacturer: WaveShare
[    5.150854] usb 3-1.3: SerialNumber: &|1B321H632
[    5.161879] input: WaveShare WS170120 as /devices/platform/soc/1c1b000.usb/usb3/3-1/3-1.3/3-1.3:1.0/0003:0EEF:0005.0001/input/input1
[    5.174273] hid-generic 0003:0EEF:0005.0001: input,hidraw0: USB HID v1.10 Device [WaveShare WS170120] on usb-1c1b000.usb-1.3/input0
[    5.317182] F2FS-fs (mmcblk0p2): Found nat_bits in checkpoint
[    5.396396] F2FS-fs (mmcblk0p2): Mounted with checkpoint version = 418319a9
[    5.950557] systemd[1]: System time before build time, advancing clock.
[    6.044974] systemd[1]: systemd 240 running in system mode. (+PAM +AUDIT -SELINUX -IMA -APPARMOR +SMACK -SYSVINIT +UTMP +LIBCRYPTSETUP +GCRYPT +GNUTLS +ACL +XZ +LZ4 +SECCOMP +BLKID +ELFUTILS +KMOD +IDN2 -IDN +PCRE2 default-hierarchy=hybrid)
[    6.067122] systemd[1]: Detected architecture arm.
[    6.101620] systemd[1]: Set hostname to <FbAlARM>.
[    6.691359] systemd[1]: /usr/lib/systemd/system/auditd.service:12: PIDFile= references path below legacy directory /var/run/, updating /var/run/auditd.pid â†’ /run/auditd.pid; please update the unit file accordingly.
[    6.921817] random: systemd: uninitialized urandom read (16 bytes read)
[    6.939716] random: systemd: uninitialized urandom read (16 bytes read)
[    6.948492] systemd[1]: Listening on LVM2 poll daemon socket.
[    6.968384] random: systemd: uninitialized urandom read (16 bytes read)
[    6.997956] systemd[1]: Listening on Process Core Dump Socket.
[    7.022120] systemd[1]: Created slice system-serial\x2dgetty.slice.
[    7.043343] systemd[1]: Listening on Journal Socket (/dev/log).
[    7.086241] systemd[1]: Condition check resulted in Journal Audit Socket being skipped.
[    7.096350] systemd[1]: Created slice system-systemd\x2dfsck.slice.
[    8.297474] bridge: filtering via arp/ip/ip6tables is no longer available by default. Update your scripts to load br_netfilter if you need this.
[    8.945919] sunxi_cedrus: module is from the staging directory, the quality is unknown, you have been warned.
[    8.972442] sunxi-wdt 1c20ca0.watchdog: Watchdog enabled (timeout=16 sec, nowayout=1)
[    8.980580] cedrus 1c0e000.video-codec: Device registered as /dev/video0
[    9.184602] input: WaveShare WS170120 as /devices/platform/soc/1c1b000.usb/usb3/3-1/3-1.3/3-1.3:1.0/0003:0EEF:0005.0001/input/input2
[    9.214393] sun4i-drm display-engine: bound 1100000.mixer (ops sun8i_mixer_ops [sun8i_mixer])
[    9.216821] hid-multitouch 0003:0EEF:0005.0001: input,hidraw0: USB HID v1.10 Device [WaveShare WS170120] on usb-1c1b000.usb-1.3/input0
[    9.233142] dwmac-sun8i 1c30000.ethernet: PTP uses main clock
[    9.249264] dwmac-sun8i 1c30000.ethernet: No regulator found
[    9.259736] sun4i-drm display-engine: bound 1c0c000.lcd-controller (ops sun4i_tcon_ops [sun4i_tcon])
[    9.300427] dwmac-sun8i 1c30000.ethernet: Current syscon value is not the default 148000 (expect 58000)
[    9.301575] sun8i-dw-hdmi 1ee0000.hdmi: 1ee0000.hdmi supply hvcc not found, using dummy regulator
[    9.325367] dwmac-sun8i 1c30000.ethernet: No HW DMA feature register supported
[    9.325720] sun8i-dw-hdmi 1ee0000.hdmi: Linked as a consumer to regulator.0
[    9.334006] dwmac-sun8i 1c30000.ethernet: RX Checksum Offload Engine supported
[    9.334017] dwmac-sun8i 1c30000.ethernet: COE Type 2
[    9.334023] dwmac-sun8i 1c30000.ethernet: TX Checksum insertion supported
[    9.334031] dwmac-sun8i 1c30000.ethernet: Normal descriptors
[    9.334037] dwmac-sun8i 1c30000.ethernet: Chain mode enabled
[    9.373444] sun8i-dw-hdmi 1ee0000.hdmi: Detected HDMI TX controller v1.32a with HDCP (sun8i_dw_hdmi_phy)
[    9.389478] sun8i-dw-hdmi 1ee0000.hdmi: registered DesignWare HDMI I2C bus driver
[    9.398452] libphy: mdio_mux: probed
[    9.408371] sun4i-drm display-engine: bound 1ee0000.hdmi (ops sun8i_dw_hdmi_ops [sun8i_drm_hdmi])
[    9.410571] dwmac-sun8i 1c30000.ethernet: Switch mux to internal PHY
[    9.419023] [drm] Supports vblank timestamp caching Rev 2 (21.10.2013).
[    9.426863] dwmac-sun8i 1c30000.ethernet: Powering internal PHY
[    9.432317] [drm] No driver support for vblank timestamp query.
[    9.444005] fb0: switching to sun4i-drm-fb from simple
[    9.452851] Console: switching to colour dummy device 80x30
[    9.469060] libphy: mdio_mux: probed
[    9.488464] mousedev: PS/2 mouse device common for all mice
[    9.632148] systemd-journald[230]: Received request to flush runtime journal from PID 1
[    9.637861] IPv6: ADDRCONF(NETDEV_UP): br-prv: link is not ready
[    9.698171] IPv6: ADDRCONF(NETDEV_UP): br-lan: link is not ready
[    9.840686] stmmac_ethtool_get_link_ksettings: eth0: PHY is not registered
[    9.840767] br-lan: port 1(eth0) entered blocking state
[    9.840808] br-lan: port 1(eth0) entered disabled state
[    9.841201] device eth0 entered promiscuous mode
[    9.845871] Generic PHY 0.1:01: attached PHY driver [Generic PHY] (mii_bus:phy_addr=0.1:01, irq=POLL)
[    9.848298] dwmac-sun8i 1c30000.ethernet eth0: No Safety Features support found
[    9.848317] dwmac-sun8i 1c30000.ethernet eth0: No MAC Management Counters available
[    9.848326] dwmac-sun8i 1c30000.ethernet eth0: PTP not supported by HW
[    9.848985] IPv6: ADDRCONF(NETDEV_UP): eth0: link is not ready
[    9.849017] br-lan: port 1(eth0) entered blocking state
[    9.849029] br-lan: port 1(eth0) entered forwarding state
[    9.849509] br-lan: port 1(eth0) entered disabled state
[   10.023159] Console: switching to colour frame buffer device 128x37
[   10.126942] sun4i-drm display-engine: fb0: DRM emulated frame buffer device
[   10.148935] [drm] Initialized sun4i-drm 1.0.0 20150629 for display-engine on minor 0
[   11.050703] random: crng init done
[   11.054121] random: 7 urandom warning(s) missed due to ratelimiting
[   11.762258] EXT4-fs (mmcblk0p1): mounted filesystem with ordered data mode. Opts: (null)
[   12.916885] dwmac-sun8i 1c30000.ethernet eth0: Link is Up - 100Mbps/Full - flow control rx/tx
[   12.925521] IPv6: ADDRCONF(NETDEV_CHANGE): eth0: link becomes ready
[   12.934884] br-lan: port 1(eth0) entered blocking state
[   12.940201] br-lan: port 1(eth0) entered forwarding state
[   12.950891] IPv6: ADDRCONF(NETDEV_CHANGE): br-lan: link becomes ready
